// Jest Snapshot v1, https://goo.gl/fbAQLP

exports[`<Profile /> matches snapshot 1`] = `
<div>
  <div>
    <b>
      yuyaebean
    </b>
    <span>
      (
      유예빈
      )
    </span>
  </div>
</div>
`;
